// Jest Snapshot v1, https://goo.gl/fbAQLP

exports[`When I create the VueImageKit component should match snapshot 1`] = `
<div class="vue-image-kit">
  <!----> <img sizes="(max-width: 320px) 320px, (max-width: 480px) 480px, (max-width: 800px) 800px 1080px" alt="" class="vue-image-kit__img">
</div>
`;
